<?xml version="1.0" encoding="UTF-8"?>
<testsuites name="Mocha Tests" time="54.136" tests="1" failures="0">
  <testsuite name="Root Suite" timestamp="2023-05-19T11:20:27" tests="0" file="cypress\e2e\UITests\Amazon\ProductSelection.spec.cy.js" time="0.000" failures="0">
  </testsuite>
  <testsuite name="PLP test" timestamp="2023-05-19T11:20:27" tests="1" time="54.112" failures="0">
    <testcase name="PLP test Select a specific product" time="50.214" classname="Select a specific product">
    </testcase>
  </testsuite>
</testsuites>